------------------------------------------------------------
Timing Analyzer Summary
------------------------------------------------------------

Type  : Slow 1100mV 85C Model Setup 'clk'
Slack : -3.038
TNS   : -8.663

Type  : Slow 1100mV 85C Model Hold 'clk'
Slack : 0.383
TNS   : 0.000

Type  : Slow 1100mV 85C Model Minimum Pulse Width 'clk'
Slack : -2.174
TNS   : -10.851

Type  : Slow 1100mV 0C Model Setup 'clk'
Slack : -3.172
TNS   : -9.021

Type  : Slow 1100mV 0C Model Hold 'clk'
Slack : 0.403
TNS   : 0.000

Type  : Slow 1100mV 0C Model Minimum Pulse Width 'clk'
Slack : -2.174
TNS   : -10.964

Type  : Fast 1100mV 85C Model Setup 'clk'
Slack : -1.398
TNS   : -3.971

Type  : Fast 1100mV 85C Model Hold 'clk'
Slack : 0.184
TNS   : 0.000

Type  : Fast 1100mV 85C Model Minimum Pulse Width 'clk'
Slack : -2.174
TNS   : -9.512

Type  : Fast 1100mV 0C Model Setup 'clk'
Slack : -1.328
TNS   : -3.767

Type  : Fast 1100mV 0C Model Hold 'clk'
Slack : 0.176
TNS   : 0.000

Type  : Fast 1100mV 0C Model Minimum Pulse Width 'clk'
Slack : -2.174
TNS   : -9.513

------------------------------------------------------------
